../Core/Src/main.c:101:5:main	8	static
../Core/Src/main.c:196:6:SystemClock_Config	88	static
../Core/Src/main.c:242:13:MX_SPI1_Init	8	static
../Core/Src/main.c:282:13:MX_TIM3_Init	40	static
../Core/Src/main.c:330:13:MX_TIM14_Init	8	static
../Core/Src/main.c:361:13:MX_TIM16_Init	8	static
../Core/Src/main.c:393:13:MX_TIM17_Init	8	static
../Core/Src/main.c:425:13:MX_USART1_UART_Init	8	static
../Core/Src/main.c:473:13:MX_USART2_UART_Init	8	static
../Core/Src/main.c:521:13:MX_USART3_UART_Init	8	static
../Core/Src/main.c:557:13:MX_USART4_UART_Init	8	static
../Core/Src/main.c:591:13:MX_DMA_Init	16	static
../Core/Src/main.c:609:13:MX_GPIO_Init	56	static
../Core/Src/main.c:653:6:HAL_UART_RxCpltCallback	16	static
../Core/Src/main.c:746:6:Error_Handler	8	static,ignoring_inline_asm
